wl0_auth=0
wl0_auth_mode=none
wl0_mode=ap
wl0_radio=1
wl0_wps_config_state=1

wl1_auth=0
wl1_auth_mode=none
wl1_mode=ap
wl1_radio=1
wl1_wps_config_state=1


wl0_key=0
wl1_key=0

wl_wps_reg=enabled
lan_wps_reg=enabled
lan_wps_oob=disabled
wl0_ifname=wl0
lan0_ifname=lan0
wan_ifnames=wan0
wl0_vifs=
wl1_vifs=wl1.1 wl1.2 wl1.3



# acsd stuffs
wl0_intfer_cnt=3
wl0_intfer_period=1
wl0_intfer_tcptxfail=5
wl0_intfer_txfail=16
wl0_acs_chan_dwell_time=70
wl0_acs_chan_flop_period=70
wl0_acs_ci_scan_timeout=300
wl0_acs_ci_scan_timer=4
wl0_acs_cs_scan_timer=900
wl0_acs_dfsr_activity=30 10240
wl0_acs_dfsr_deferred=604800 5
wl0_acs_dfsr_immediate=300 3
wl0_acs_excl_chans=
wl0_acs_fcs_mode=0
wl0_dcs_csa_unicast=0
wl0_acs_scan_entry_expire=3600
wl0_acs_tx_idle_cnt=0
wl0_reg_mode=h
acs_no_restrict_align=1
acs_ctrl_chan_adjust=1

# nas stuffs
wl0_infra=1
wl0_preauth=0
wl0_auth=0
wl0_auth_mode=none
wl0_wpa_gtk_rekey=0


wl1_infra=1
wl1_preauth=0
wl1_auth=0
wl1_auth_mode=none
wl1_wpa_gtk_rekey=0


# should be in neufbox2
wl1_bss_enabled=1
wl1_radio=1

wl1_ifname=wl1
wl1.1_ifname=wl1.1
wl1.2_ifname=wl1.2
wl1.3_ifname=wl1.3



#GUEST
#wl0.2_wps_mode=disabled
wl1.2_wps_mode=disabled

#HOTPOST
wl0.1_wps_mode=disabled
wl1.1_wps_mode=disabled

# EAP-SIM
#wl0.3_wps_mode=disabled
#wl0.3_akm=wpa2
#wl0.3_auth=0
#wl0.3_auth_blockout_time=1
#wl0.3_auth_mode=none
#wl0.3_crypto=aes
#wl0.3_mode=ap
#wl0.3_radio=1
#wl0.3_wep=disabled
#wl0.3_preauth=0
#wl0.3_wpa_gtk_rekey=0
#wl0.3_radius_port=1812

wl1.3_wps_mode=disabled
wl1.3_akm=wpa2
wl1.3_auth=0
wl1.3_auth_blockout_time=1
wl1.3_auth_mode=none
wl1.3_crypto=aes
wl1.3_mode=ap
wl1.3_radio=1
wl1.3_wep=disabled
wl1.3_preauth=0
wl1.3_wpa_gtk_rekey=0
wl1.3_radius_port=1812

#guest lan
#lan1_ifnames=wl0.2 wl1.2
lan1_ifnames=wl1.2
lan1_ifname=guest0

wl1.2_nas_dbg=1

wl1.2_radio=1
wl1.2_auth=0
wl1.2_auth_mode=none
wl1.2_preauth=0
wl1.2_mode=ap
wl1.2_infra=1
